Sure! Here’s a quick, ready‑to‑use plan for a meeting tomorrow at 10:00 AM with the visitors.

---

## 1. Meeting Overview
| Item | Details |
|------|---------|
| **Date** | Tomorrow (e.g., **2026‑08‑31**) |
| **Time** | **10:00 AM** (local time) |
| **Duration** | 60 minutes (adjust as needed) |
| **Purpose** | Welcome the visitors, discuss objectives, and outline next steps |
| **Location** | • **In‑person:** Conference Room A (or specify another room) <br>• **Virtual:** Zoom/Teams link (add below) |
| **Facilitator** | You (or name of the host) |

---

## 2. Agenda (60 min)

| Time | Topic | Owner | Notes |
|------|-------|-------|-------|
| 10:00 – 10:05 | **Welcome & Introductions** | Host | Quick round‑table of all participants |
| 10:05 – 10:15 | **Meeting Objectives & Agenda Review** | Host | Confirm goals and timing |
| 10:15 – 10:35 | **Visitor Presentation** | Visitor(s) | 20 min presentation + 5 min Q&A |
| 10:35 – 10:50 | **Discussion & Collaboration Opportunities** | All | Identify synergies, address questions |
| 10:50 – 11:00 | **Next Steps & Action Items** | Host | Assign owners, set deadlines, confirm follow‑up meeting |

*(Feel free to trim or expand sections based on the depth of discussion you expect.)*

---

## 3. Participants & Invitations

| Name | Role | Email | Status |
|------|------|-------|--------|
| **[Your Name]** | Host | your.email@company.com | ✅ |
| **Visitor 1** | (e.g., VP, Sales) | visitor1@partner.com | ✅ |
| **Visitor 2** | (e.g., Technical Lead) | visitor2@partner.com | ✅ |
| **Internal Stakeholder** | (e.g., Product Manager) | pm@company.com | ✅ |
| **Support Staff** | (e.g., IT) | it@company.com | ✅ |

**Action:** Send a calendar invite (Outlook, Google Calendar, etc.) with:

* Subject: *Meeting with Visitors – 10 AM Tomorrow*
* Body: Include the agenda above, location/virtual link, and any pre‑read materials.
* Attach any relevant documents (e.g., agenda, briefing pack).

---

## 4. Logistics

### In‑Person
1. **Room booking** – Reserve Conference Room A (or preferred space) for 10:00‑11:00 AM.  
2. **Equipment** – Ensure a projector/large screen, conference phone, and Wi‑Fi access are ready.  
3. **Refreshments** – Order coffee, water, and light snacks (if desired).  

### Virtual
1. **Create meeting link** – Zoom, Microsoft Teams, or Google Meet.  
2. **Test** – Verify audio/video and screen‑sharing functionality 15 min before start.  
3. **Dial‑in** – Include a phone number for participants who may join by call.

---

## 5. Pre‑Meeting Prep (Today)

| Task | Owner | Deadline |
|------|-------|----------|
| Draft & send calendar invite | You | End of day |
| Gather and attach pre‑read docs (e.g., visitor bios, agenda) | You | End of day |
| Confirm room/virtual link setup | Admin/IT | Tomorrow morning |
| Prepare welcome packet (agenda, map, Wi‑Fi details) | You | Tomorrow morning |
| Follow‑up reminder email | You | 1 hour before meeting |

---

## 6. Post‑Meeting Follow‑Up

1. **Minutes** – Summarize key discussion points, decisions, and action items.  
2. **Distribute** – Email minutes to all attendees within 24 hours.  
3. **Task Tracker** – Enter action items into your project management tool (e.g., Asana, Jira).  
4. **Schedule next meeting** – If needed, propose a date/time in the follow‑up email.

---

### Quick Email Template (for the invite)

```
Subject: Meeting with Visitors – 10 AM Tomorrow (2026‑08‑31)

Hi all,

You’re invited to a meeting tomorrow at 10:00 AM to welcome our visitors and discuss collaboration opportunities.

**When:** 10:00‑11:00 AM, 31 Aug 2026  
**Where:** Conference Room A (or join virtually: [Zoom/Teams link])  
**Agenda:** (see attached)

Please review the attached briefing pack before the meeting. Let me know if you need any accommodations or have conflicts.

Looking forward to a productive session!

Best,
[Your Name]
[Your Title]
[Contact Info]
```

---

That’s it! Follow the checklist, send the invite today, and you’ll have a smooth, well‑structured meeting tomorrow at 10 AM. Good luck! 🚀